// Jest Snapshot v1, https://goo.gl/fbAQLP

exports[`GET /app/v1/beers-info`] = `
Object {
  "globalComments": Object {
    "1": Array [
      Object {
        "comment": "asf",
        "user": "12ab55e3-1418-418b-abbf-35d8cc68d477",
      },
      Object {
        "comment": "asf",
        "user": "368d83d6-d367-4dc4-a6a2-a6cc167604f4",
      },
    ],
    "4": Array [
      Object {
        "comment": "another test",
        "user": "12ab55e3-1418-418b-abbf-35d8cc68d477",
      },
      Object {
        "comment": "another test",
        "user": "368d83d6-d367-4dc4-a6a2-a6cc167604f4",
      },
    ],
    "5": Array [
      Object {
        "comment": "test comment",
        "user": "12ab55e3-1418-418b-abbf-35d8cc68d477",
      },
      Object {
        "comment": "test comment",
        "user": "368d83d6-d367-4dc4-a6a2-a6cc167604f4",
      },
    ],
    "9": Array [
      Object {
        "comment": "horraw",
        "user": "12ab55e3-1418-418b-abbf-35d8cc68d477",
      },
      Object {
        "comment": "horraw",
        "user": "368d83d6-d367-4dc4-a6a2-a6cc167604f4",
      },
    ],
  },
  "globalLikes": Object {
    "13": 2,
    "2": 2,
    "21": 2,
    "29": 2,
  },
}
`;
